To honour the JVM settings for this build a single-use Daemon process will be forked. For more on this, please refer to https://docs.gradle.org/8.9/userguide/gradle_daemon.html#sec:disabling_the_daemon in the Gradle documentation.
Daemon will be stopped at the end of the build 
> Task :createMinecraftArtifacts UP-TO-DATE

> Task :compileJava
/Users/stanislav/Desktop/майн/Cyclic_Port_Test/src/main/java/com/lothrazar/cyclic/compat/jei/CrusherRecipeCategory.java:57: warning: [removal] getBackground() in IRecipeCategory has been deprecated and marked for removal
  public IDrawable getBackground() {
                   ^
/Users/stanislav/Desktop/майн/Cyclic_Port_Test/src/main/java/com/lothrazar/cyclic/compat/jei/GenitemRecipeCategory.java:47: warning: [removal] getBackground() in IRecipeCategory has been deprecated and marked for removal
  public IDrawable getBackground() {
                   ^
/Users/stanislav/Desktop/майн/Cyclic_Port_Test/src/main/java/com/lothrazar/cyclic/compat/jei/GenfluidRecipeCategory.java:50: warning: [removal] getBackground() in IRecipeCategory has been deprecated and marked for removal
  public IDrawable getBackground() {
                   ^
/Users/stanislav/Desktop/майн/Cyclic_Port_Test/src/main/java/com/lothrazar/cyclic/compat/jei/SolidifierRecipeCategory.java:63: warning: [removal] getBackground() in IRecipeCategory has been deprecated and marked for removal
  public IDrawable getBackground() {
                   ^
/Users/stanislav/Desktop/майн/Cyclic_Port_Test/src/main/java/com/lothrazar/cyclic/compat/jei/MelterRecipeCategory.java:63: warning: [removal] getBackground() in IRecipeCategory has been deprecated and marked for removal
  public IDrawable getBackground() {
                   ^
/Users/stanislav/Desktop/майн/Cyclic_Port_Test/src/main/java/com/lothrazar/cyclic/compat/jei/PackagerRecipeCategory.java:51: warning: [removal] getBackground() in IRecipeCategory has been deprecated and marked for removal
  public IDrawable getBackground() {
                   ^
/Users/stanislav/Desktop/майн/Cyclic_Port_Test/src/main/java/com/lothrazar/cyclic/item/datacard/filter/FilterCardItem.java:156: warning: [removal] getDisplayName() in FluidStack has been deprecated and marked for removal
      nbt.putString("fluidTooltip", fluidStack.getDisplayName().getString());
                                              ^
/Users/stanislav/Desktop/майн/Cyclic_Port_Test/src/main/java/com/lothrazar/cyclic/item/equipment/ShieldCyclicItem.java:96: warning: [removal] initializeClient(Consumer<IClientItemExtensions>) in Item has been deprecated and marked for removal
  public void initializeClient(java.util.function.Consumer<net.neoforged.neoforge.client.extensions.common.IClientItemExtensions> consumer) {
              ^
/Users/stanislav/Desktop/майн/Cyclic_Port_Test/src/main/java/com/lothrazar/cyclic/block/tankcask/ItemBlockCask.java:70: warning: [removal] getDisplayName() in FluidStack has been deprecated and marked for removal
            fs.getDisplayName().getString()
              ^
Note: Some input files use or override a deprecated API.
Note: Recompile with -Xlint:deprecation for details.
Note: Some input files use unchecked or unsafe operations.
Note: Recompile with -Xlint:unchecked for details.
9 warnings

BUILD SUCCESSFUL in 12s
2 actionable tasks: 1 executed, 1 up-to-date
